Stack trace:
#0 {main}
  thrown in C:\xampp\htdocs\prodavnica\admin.php on line 43
[02-Jul-2021 09:11:09 Europe/Berlin] PHP Warning:  mysqli::prepare(): Couldn't fetch mysqli in C:\xampp\htdocs\eapoteka\db.php on line 604
[02-Jul-2021 09:11:09 Europe/Berlin] PHP Warning:  MysqliDb::_prepareQuery(): Couldn't fetch mysqli in C:\xampp\htdocs\eapoteka\db.php on line 605
[02-Jul-2021 09:11:09 Europe/Berlin] PHP Fatal error:  Problem preparing query (select * from lekovi l join kategorijalekova kl  on l.kategorijaID = kl.kategorijaID )  in C:\xampp\htdocs\eapoteka\db.php on line 605
[02-Jul-2021 09:14:15 Europe/Berlin] PHP Fatal error:  Problem preparing query (select * from lekovi l join kategorijalekova kl  on l.kategorijaID = kl.kategorijaID ) Table 'eapoteka.lekovi' doesn't exist in C:\xampp\htdocs\eapoteka\db.php on line 605
[02-Jul-2021 09:14:53 Europe/Berlin] PHP Fatal error:  Problem preparing query (select * from lekovi l join kategorijalekova kl  on l.kategorijaID = kl.kategorijaID ) Table 'eapoteka.lekovi' doesn't exist in C:\xampp\htdocs\eapoteka\db.php on line 605
[02-Jul-2021 09:14:57 Europe/Berlin] PHP Fatal error:  Problem preparing query (select * from lekovi l join kategorijalekova kl  on l.kategorijaID = kl.kategorijaID  order by l.cena asc) Table 'eapoteka.lekovi' doesn't exist in C:\xampp\htdocs\eapoteka\db.php on line 605
[02-Jul-2021 09:14:59 Europe/Berlin] PHP Fatal error:  Problem preparing query (select * from lekovi l join kategorijalekova kl  on l.kategorijaID = kl.kategorijaID  order by l.cena desc) Table 'eapoteka.lekovi' doesn't exist in C:\xampp\htdocs\eapoteka\db.php on line 605
[06-Jul-2021 12:15:31 Europe/Berlin] PHP Notice:  Undefined variable: poruka in C:\xampp\htdocs\eapoteka\admin.php on line 124
[06-Jul-2021 12:16:55 Europe/Berlin] PHP Notice:  Undefined variable: poruka in C:\xampp\htdocs\eapoteka\admin.php on line 123
[06-Jul-2021 12:18:09 Europe/Berlin] PHP Notice:  Undefined variable: poruka in C:\xampp\htdocs\eapoteka\admin.php on line 123
[06-Jul-2021 12:33:33 Europe/Berlin] PHP Notice:  Undefined index: Kategorija in C:\xampp\htdocs\eapoteka\grafik.php on line 14
[06-Jul-2021 12:33:33 Europe/Berlin] PHP Notice:  Undefined index: Kategorija in C:\xampp\htdocs\eapoteka\grafik.php on line 14
[06-Jul-2021 12:33:33 Europe/Berlin] PHP Notice:  Undefined index: Kategorija in C:\xampp\htdocs\eapoteka\grafik.php on line 14
[06-Jul-2021 12:33:33 Europe/Berlin] PHP Notice:  Undefined index: Kategorija in C:\xampp\htdocs\eapoteka\grafik.php on line 14
[06-Jul-2021 12:33:33 Europe/Berlin] PHP Notice:  Undefined index: Kategorija in C:\xampp\htdocs\eapoteka\grafik.php on line 14
[06-Jul-2021 12:33:33 Europe/Berlin] PHP Notice:  Undefined index: Kategorija in C:\xampp\htdocs\eapoteka\grafik.php on line 14
[06-Jul-2021 12:33:33 Europe/Berlin] PHP Notice:  Undefined index: Kategorija in C:\xampp\htdocs\eapoteka\grafik.php on line 14
[06-Jul-2021 12:33:33 Europe/Berlin] PHP Notice:  Undefined index: Kategorija in C:\xampp\htdocs\eapoteka\grafik.php on line 14
[06-Jul-2021 12:34:24 Europe/Berlin] PHP Notice:  Undefined index: kategorijaID in C:\xampp\htdocs\eapoteka\grafik.php on line 14
[06-Jul-2021 12:34:24 Europe/Berlin] PHP Notice:  Undefined index: kategorijaID in C:\xampp\htdocs\eapoteka\grafik.php on line 14
[06-Jul-2021 12:34:24 Europe/Berlin] PHP Notice:  Undefined index: kategorijaID in C:\xampp\htdocs\eapoteka\grafik.php on line 14
[06-Jul-2021 12:34:24 Europe/Berlin] PHP Notice:  Undefined index: kategorijaID in C:\xampp\htdocs\eapoteka\grafik.php on line 14
[06-Jul-2021 12:34:24 Europe/Berlin] PHP Notice:  Undefined index: kategorijaID in C:\xampp\htdocs\eapoteka\grafik.php on line 14
[06-Jul-2021 12:34:24 Europe/Berlin] PHP Notice:  Undefined index: kategorijaID in C:\xampp\htdocs\eapoteka\grafik.php on line 14
[06-Jul-2021 12:34:24 Europe/Berlin] PHP Notice:  Undefined index: kategorijaID in C:\xampp\htdocs\eapoteka\grafik.php on line 14
[06-Jul-2021 12:34:24 Europe/Berlin] PHP Notice:  Undefined index: kategorijaID in C:\xampp\htdocs\eapoteka\grafik.php on line 14
[06-Jul-2021 12:34:40 Europe/Berlin] PHP Notice:  Undefined index: kategorijaID in C:\xampp\htdocs\eapoteka\grafik.php on line 14
[06-Jul-2021 12:34:40 Europe/Berlin] PHP Notice:  Undefined index: kategorijaID in C:\xampp\htdocs\eapoteka\grafik.php on line 14
[06-Jul-2021 12:34:40 Europe/Berlin] PHP Notice:  Undefined index: kategorijaID in C:\xampp\htdocs\eapoteka\grafik.php on line 14
[06-Jul-2021 12:34:40 Europe/Berlin] PHP Notice:  Undefined index: kategorijaID in C:\xampp\htdocs\eapoteka\grafik.php on line 14
[06-Jul-2021 12:34:40 Europe/Berlin] PHP Notice:  Undefined index: kategorijaID in C:\xampp\htdocs\eapoteka\grafik.php on line 14
[06-Jul-2021 12:34:40 Europe/Berlin] PHP Notice:  Undefined index: kategorijaID in C:\xampp\htdocs\eapoteka\grafik.php on line 14
[06-Jul-2021 12:34:40 Europe/Berlin] PHP Notice:  Undefined index: kategorijaID in C:\xampp\htdocs\eapoteka\grafik.php on line 14
[06-Jul-2021 12:34:40 Europe/Berlin] PHP Notice:  Undefined index: kategorijaID in C:\xampp\htdocs\eapoteka\grafik.php on line 14
[06-Jul-2021 12:36:53 Europe/Berlin] PHP Fatal error:  Problem preparing query (SELECT k.nazivKategorije, count(l.lekID) AS ukupno FROM lekovi l JOIN kategorijalekova k ON (l.kategorijaID = k.kategorijaID)  GROUP BY kategorijaID) Column 'kategorijaID' in group statement is ambiguous in C:\xampp\htdocs\eapoteka\db.php on line 605
[06-Jul-2021 12:38:21 Europe/Berlin] PHP Notice:  Undefined index: k.nazivKategorije in C:\xampp\htdocs\eapoteka\grafik.php on line 14
[06-Jul-2021 12:38:21 Europe/Berlin] PHP Notice:  Undefined index: k.nazivKategorije in C:\xampp\htdocs\eapoteka\grafik.php on line 14
[06-Jul-2021 12:38:21 Europe/Berlin] PHP Notice:  Undefined index: k.nazivKategorije in C:\xampp\htdocs\eapoteka\grafik.php on line 14
[06-Jul-2021 12:38:21 Europe/Berlin] PHP Notice:  Undefined index: k.nazivKategorije in C:\xampp\htdocs\eapoteka\grafik.php on line 14
[06-Jul-2021 12:38:21 Europe/Berlin] PHP Notice:  Undefined index: k.nazivKategorije in C:\xampp\htdocs\eapoteka\grafik.php on line 14
[06-Jul-2021 12:38:21 Europe/Berlin] PHP Notice:  Undefined index: k.nazivKategorije in C:\xampp\htdocs\eapoteka\grafik.php on line 14
[06-Jul-2021 12:38:21 Europe/Berlin] PHP Notice:  Undefined index: k.nazivKategorije in C:\xampp\htdocs\eapoteka\grafik.php on line 14
[06-Jul-2021 12:38:21 Europe/Berlin] PHP Notice:  Undefined index: k.nazivKategorije in C:\xampp\htdocs\eapoteka\grafik.php on line 14
[06-Jul-2021 16:17:26 Europe/Berlin] PHP Notice:  Use of undefined constant console - assumed 'console' in C:\xampp\htdocs\eapoteka\upload.php on line 39
[06-Jul-2021 16:17:26 Europe/Berlin] PHP Warning:  log() expects parameter 1 to be float, string given in C:\xampp\htdocs\eapoteka\upload.php on line 39
[02-Sep-2024 17:02:24 Europe/Berlin] PHP Deprecated:  Constant FILTER_SANITIZE_STRING is deprecated in C:\xampp\htdocs\eapoteka\db.php on line 123
[02-Sep-2024 17:02:24 Europe/Berlin] PHP Deprecated:  Creation of dynamic property MysqliDb::$groupBy is deprecated in C:\xampp\htdocs\eapoteka\db.php on line 106
[02-Sep-2024 17:02:32 Europe/Berlin] PHP Deprecated:  Constant FILTER_SANITIZE_STRING is deprecated in C:\xampp\htdocs\eapoteka\db.php on line 123
[02-Sep-2024 17:02:32 Europe/Berlin] PHP Deprecated:  Creation of dynamic property MysqliDb::$groupBy is deprecated in C:\xampp\htdocs\eapoteka\db.php on line 106
[02-Sep-2024 18:07:24 Europe/Berlin] PHP Deprecated:  Constant FILTER_SANITIZE_STRING is deprecated in C:\xampp\htdocs\eapoteka\db.php on line 123
[02-Sep-2024 18:07:24 Europe/Berlin] PHP Deprecated:  Creation of dynamic property MysqliDb::$groupBy is deprecated in C:\xampp\htdocs\eapoteka\db.php on line 106
[02-Sep-2024 18:17:39 Europe/Berlin] PHP Deprecated:  Constant FILTER_SANITIZE_STRING is deprecated in C:\xampp\htdocs\eapoteka\db.php on line 123
[02-Sep-2024 18:17:39 Europe/Berlin] PHP Deprecated:  Creation of dynamic property MysqliDb::$groupBy is deprecated in C:\xampp\htdocs\eapoteka\db.php on line 106
[02-Sep-2024 18:17:50 Europe/Berlin] PHP Deprecated:  Constant FILTER_SANITIZE_STRING is deprecated in C:\xampp\htdocs\eapoteka\db.php on line 123
[02-Sep-2024 18:17:50 Europe/Berlin] PHP Deprecated:  Creation of dynamic property MysqliDb::$groupBy is deprecated in C:\xampp\htdocs\eapoteka\db.php on line 106
[02-Sep-2024 20:21:37 Europe/Berlin] PHP Deprecated:  Constant FILTER_SANITIZE_STRING is deprecated in C:\xampp\htdocs\eapoteka\db.php on line 123
[02-Sep-2024 20:21:37 Europe/Berlin] PHP Deprecated:  Creation of dynamic property MysqliDb::$groupBy is deprecated in C:\xampp\htdocs\eapoteka\db.php on line 106
[02-Sep-2024 21:12:43 Europe/Berlin] PHP Deprecated:  Constant FILTER_SANITIZE_STRING is deprecated in C:\xampp\htdocs\eapoteka\db.php on line 123
[02-Sep-2024 21:12:43 Europe/Berlin] PHP Deprecated:  Creation of dynamic property MysqliDb::$groupBy is deprecated in C:\xampp\htdocs\eapoteka\db.php on line 106
[02-Sep-2024 21:19:28 Europe/Berlin] PHP Deprecated:  Constant FILTER_SANITIZE_STRING is deprecated in C:\xampp\htdocs\eapoteka\db.php on line 123
[02-Sep-2024 21:19:28 Europe/Berlin] PHP Deprecated:  Creation of dynamic property MysqliDb::$groupBy is deprecated in C:\xampp\htdocs\eapoteka\db.php on line 106
[02-Sep-2024 21:21:39 Europe/Berlin] PHP Deprecated:  Constant FILTER_SANITIZE_STRING is deprecated in C:\xampp\htdocs\eapoteka\db.php on line 123
[02-Sep-2024 21:21:39 Europe/Berlin] PHP Deprecated:  Creation of dynamic property MysqliDb::$groupBy is deprecated in C:\xampp\htdocs\eapoteka\db.php on line 106
[02-Sep-2024 21:22:23 Europe/Berlin] PHP Deprecated:  Constant FILTER_SANITIZE_STRING is deprecated in C:\xampp\htdocs\eapoteka\db.php on line 123
[02-Sep-2024 21:22:23 Europe/Berlin] PHP Deprecated:  Creation of dynamic property MysqliDb::$groupBy is deprecated in C:\xampp\htdocs\eapoteka\db.php on line 106
[02-Sep-2024 21:22:28 Europe/Berlin] PHP Deprecated:  Constant FILTER_SANITIZE_STRING is deprecated in C:\xampp\htdocs\eapoteka\db.php on line 123
[02-Sep-2024 21:22:28 Europe/Berlin] PHP Deprecated:  Creation of dynamic property MysqliDb::$groupBy is deprecated in C:\xampp\htdocs\eapoteka\db.php on line 106
[03-Sep-2024 00:45:49 Europe/Berlin] PHP Deprecated:  Constant FILTER_SANITIZE_STRING is deprecated in C:\xampp\htdocs\eapoteka\db.php on line 123
[03-Sep-2024 00:45:49 Europe/Berlin] PHP Deprecated:  Creation of dynamic property MysqliDb::$groupBy is deprecated in C:\xampp\htdocs\eapoteka\db.php on line 106
[03-Sep-2024 00:51:40 Europe/Berlin] PHP Deprecated:  Constant FILTER_SANITIZE_STRING is deprecated in C:\xampp\htdocs\eapoteka\db.php on line 123
[03-Sep-2024 00:51:40 Europe/Berlin] PHP Deprecated:  Creation of dynamic property MysqliDb::$groupBy is deprecated in C:\xampp\htdocs\eapoteka\db.php on line 106
[03-Sep-2024 00:51:50 Europe/Berlin] PHP Deprecated:  Constant FILTER_SANITIZE_STRING is deprecated in C:\xampp\htdocs\eapoteka\db.php on line 123
[03-Sep-2024 00:51:50 Europe/Berlin] PHP Deprecated:  Creation of dynamic property MysqliDb::$groupBy is deprecated in C:\xampp\htdocs\eapoteka\db.php on line 106
[03-Sep-2024 00:52:08 Europe/Berlin] PHP Deprecated:  Constant FILTER_SANITIZE_STRING is deprecated in C:\xampp\htdocs\eapoteka\db.php on line 123
[03-Sep-2024 00:52:08 Europe/Berlin] PHP Deprecated:  Creation of dynamic property MysqliDb::$groupBy is deprecated in C:\xampp\htdocs\eapoteka\db.php on line 106
[03-Sep-2024 00:52:16 Europe/Berlin] PHP Deprecated:  Constant FILTER_SANITIZE_STRING is deprecated in C:\xampp\htdocs\eapoteka\db.php on line 123
[03-Sep-2024 00:52:16 Europe/Berlin] PHP Deprecated:  Creation of dynamic property MysqliDb::$groupBy is deprecated in C:\xampp\htdocs\eapoteka\db.php on line 106
[03-Sep-2024 00:52:24 Europe/Berlin] PHP Deprecated:  Constant FILTER_SANITIZE_STRING is deprecated in C:\xampp\htdocs\eapoteka\db.php on line 123
[03-Sep-2024 00:52:24 Europe/Berlin] PHP Deprecated:  Creation of dynamic property MysqliDb::$groupBy is deprecated in C:\xampp\htdocs\eapoteka\db.php on line 106
[03-Sep-2024 00:52:24 Europe/Berlin] PHP Deprecated:  Constant FILTER_SANITIZE_STRING is deprecated in C:\xampp\htdocs\eapoteka\db.php on line 123
[03-Sep-2024 00:52:24 Europe/Berlin] PHP Deprecated:  Creation of dynamic property MysqliDb::$groupBy is deprecated in C:\xampp\htdocs\eapoteka\db.php on line 106
[03-Sep-2024 00:55:09 Europe/Berlin] PHP Deprecated:  Constant FILTER_SANITIZE_STRING is deprecated in C:\xampp\htdocs\eapoteka\db.php on line 123
[03-Sep-2024 00:55:09 Europe/Berlin] PHP Deprecated:  Creation of dynamic property MysqliDb::$groupBy is deprecated in C:\xampp\htdocs\eapoteka\db.php on line 106
[03-Sep-2024 00:55:46 Europe/Berlin] PHP Deprecated:  Constant FILTER_SANITIZE_STRING is deprecated in C:\xampp\htdocs\eapoteka\db.php on line 123
[03-Sep-2024 00:55:46 Europe/Berlin] PHP Deprecated:  Creation of dynamic property MysqliDb::$groupBy is deprecated in C:\xampp\htdocs\eapoteka\db.php on line 106
[03-Sep-2024 00:56:32 Europe/Berlin] PHP Deprecated:  Constant FILTER_SANITIZE_STRING is deprecated in C:\xampp\htdocs\eapoteka\db.php on line 123
[03-Sep-2024 00:56:32 Europe/Berlin] PHP Deprecated:  Creation of dynamic property MysqliDb::$groupBy is deprecated in C:\xampp\htdocs\eapoteka\db.php on line 106
[03-Sep-2024 00:56:38 Europe/Berlin] PHP Deprecated:  Constant FILTER_SANITIZE_STRING is deprecated in C:\xampp\htdocs\eapoteka\db.php on line 123
[03-Sep-2024 00:56:38 Europe/Berlin] PHP Deprecated:  Creation of dynamic property MysqliDb::$groupBy is deprecated in C:\xampp\htdocs\eapoteka\db.php on line 106
[03-Sep-2024 00:56:38 Europe/Berlin] PHP Deprecated:  Constant FILTER_SANITIZE_STRING is deprecated in C:\xampp\htdocs\eapoteka\db.php on line 123
[03-Sep-2024 00:56:38 Europe/Berlin] PHP Deprecated:  Creation of dynamic property MysqliDb::$groupBy is deprecated in C:\xampp\htdocs\eapoteka\db.php on line 106
[03-Sep-2024 00:57:12 Europe/Berlin] PHP Deprecated:  Constant FILTER_SANITIZE_STRING is deprecated in C:\xampp\htdocs\eapoteka\db.php on line 123
[03-Sep-2024 00:57:12 Europe/Berlin] PHP Deprecated:  Creation of dynamic property MysqliDb::$groupBy is deprecated in C:\xampp\htdocs\eapoteka\db.php on line 106
[03-Sep-2024 01:14:07 Europe/Berlin] PHP Deprecated:  Constant FILTER_SANITIZE_STRING is deprecated in C:\xampp\htdocs\eapoteka\db.php on line 123
[03-Sep-2024 01:14:07 Europe/Berlin] PHP Deprecated:  Creation of dynamic property MysqliDb::$groupBy is deprecated in C:\xampp\htdocs\eapoteka\db.php on line 106
[03-Sep-2024 01:14:07 Europe/Berlin] PHP Deprecated:  Constant FILTER_SANITIZE_STRING is deprecated in C:\xampp\htdocs\eapoteka\db.php on line 123
[03-Sep-2024 01:14:07 Europe/Berlin] PHP Deprecated:  Creation of dynamic property MysqliDb::$groupBy is deprecated in C:\xampp\htdocs\eapoteka\db.php on line 106
[03-Sep-2024 01:14:13 Europe/Berlin] PHP Deprecated:  Constant FILTER_SANITIZE_STRING is deprecated in C:\xampp\htdocs\eapoteka\db.php on line 123
[03-Sep-2024 01:14:13 Europe/Berlin] PHP Deprecated:  Creation of dynamic property MysqliDb::$groupBy is deprecated in C:\xampp\htdocs\eapoteka\db.php on line 106
[03-Sep-2024 01:14:14 Europe/Berlin] PHP Deprecated:  Constant FILTER_SANITIZE_STRING is deprecated in C:\xampp\htdocs\eapoteka\db.php on line 123
[03-Sep-2024 01:14:14 Europe/Berlin] PHP Deprecated:  Creation of dynamic property MysqliDb::$groupBy is deprecated in C:\xampp\htdocs\eapoteka\db.php on line 106
[03-Sep-2024 01:14:49 Europe/Berlin] PHP Deprecated:  Constant FILTER_SANITIZE_STRING is deprecated in C:\xampp\htdocs\eapoteka\db.php on line 123
[03-Sep-2024 01:14:49 Europe/Berlin] PHP Deprecated:  Creation of dynamic property MysqliDb::$groupBy is deprecated in C:\xampp\htdocs\eapoteka\db.php on line 106
[03-Sep-2024 01:14:59 Europe/Berlin] PHP Deprecated:  Constant FILTER_SANITIZE_STRING is deprecated in C:\xampp\htdocs\eapoteka\db.php on line 123
[03-Sep-2024 01:14:59 Europe/Berlin] PHP Deprecated:  Creation of dynamic property MysqliDb::$groupBy is deprecated in C:\xampp\htdocs\eapoteka\db.php on line 106
[03-Sep-2024 01:15:04 Europe/Berlin] PHP Deprecated:  Constant FILTER_SANITIZE_STRING is deprecated in C:\xampp\htdocs\eapoteka\db.php on line 123
[03-Sep-2024 01:15:04 Europe/Berlin] PHP Deprecated:  Creation of dynamic property MysqliDb::$groupBy is deprecated in C:\xampp\htdocs\eapoteka\db.php on line 106
[03-Sep-2024 01:15:06 Europe/Berlin] PHP Deprecated:  Constant FILTER_SANITIZE_STRING is deprecated in C:\xampp\htdocs\eapoteka\db.php on line 123
[03-Sep-2024 01:15:06 Europe/Berlin] PHP Deprecated:  Creation of dynamic property MysqliDb::$groupBy is deprecated in C:\xampp\htdocs\eapoteka\db.php on line 106
[03-Sep-2024 01:15:10 Europe/Berlin] PHP Deprecated:  Constant FILTER_SANITIZE_STRING is deprecated in C:\xampp\htdocs\eapoteka\db.php on line 123
[03-Sep-2024 01:15:10 Europe/Berlin] PHP Deprecated:  Creation of dynamic property MysqliDb::$groupBy is deprecated in C:\xampp\htdocs\eapoteka\db.php on line 106
[03-Sep-2024 01:15:11 Europe/Berlin] PHP Deprecated:  Constant FILTER_SANITIZE_STRING is deprecated in C:\xampp\htdocs\eapoteka\db.php on line 123
[03-Sep-2024 01:15:11 Europe/Berlin] PHP Deprecated:  Creation of dynamic property MysqliDb::$groupBy is deprecated in C:\xampp\htdocs\eapoteka\db.php on line 106
[03-Sep-2024 01:15:13 Europe/Berlin] PHP Deprecated:  Constant FILTER_SANITIZE_STRING is deprecated in C:\xampp\htdocs\eapoteka\db.php on line 123
[03-Sep-2024 01:15:13 Europe/Berlin] PHP Deprecated:  Creation of dynamic property MysqliDb::$groupBy is deprecated in C:\xampp\htdocs\eapoteka\db.php on line 106
[03-Sep-2024 01:15:18 Europe/Berlin] PHP Deprecated:  Constant FILTER_SANITIZE_STRING is deprecated in C:\xampp\htdocs\eapoteka\db.php on line 123
[03-Sep-2024 01:15:18 Europe/Berlin] PHP Deprecated:  Creation of dynamic property MysqliDb::$groupBy is deprecated in C:\xampp\htdocs\eapoteka\db.php on line 106
[03-Sep-2024 01:15:20 Europe/Berlin] PHP Deprecated:  Constant FILTER_SANITIZE_STRING is deprecated in C:\xampp\htdocs\eapoteka\db.php on line 123
[03-Sep-2024 01:15:20 Europe/Berlin] PHP Deprecated:  Creation of dynamic property MysqliDb::$groupBy is deprecated in C:\xampp\htdocs\eapoteka\db.php on line 106
[03-Sep-2024 01:15:21 Europe/Berlin] PHP Deprecated:  Constant FILTER_SANITIZE_STRING is deprecated in C:\xampp\htdocs\eapoteka\db.php on line 123
[03-Sep-2024 01:15:21 Europe/Berlin] PHP Deprecated:  Creation of dynamic property MysqliDb::$groupBy is deprecated in C:\xampp\htdocs\eapoteka\db.php on line 106
[03-Sep-2024 01:15:22 Europe/Berlin] PHP Deprecated:  Constant FILTER_SANITIZE_STRING is deprecated in C:\xampp\htdocs\eapoteka\db.php on line 123
[03-Sep-2024 01:15:22 Europe/Berlin] PHP Deprecated:  Creation of dynamic property MysqliDb::$groupBy is deprecated in C:\xampp\htdocs\eapoteka\db.php on line 106
[03-Sep-2024 01:15:31 Europe/Berlin] PHP Deprecated:  Constant FILTER_SANITIZE_STRING is deprecated in C:\xampp\htdocs\eapoteka\db.php on line 123
[03-Sep-2024 01:15:31 Europe/Berlin] PHP Deprecated:  Creation of dynamic property MysqliDb::$groupBy is deprecated in C:\xampp\htdocs\eapoteka\db.php on line 106
[03-Sep-2024 01:15:33 Europe/Berlin] PHP Deprecated:  Constant FILTER_SANITIZE_STRING is deprecated in C:\xampp\htdocs\eapoteka\db.php on line 123
[03-Sep-2024 01:15:33 Europe/Berlin] PHP Deprecated:  Creation of dynamic property MysqliDb::$groupBy is deprecated in C:\xampp\htdocs\eapoteka\db.php on line 106
[03-Sep-2024 01:15:33 Europe/Berlin] PHP Deprecated:  Constant FILTER_SANITIZE_STRING is deprecated in C:\xampp\htdocs\eapoteka\db.php on line 123
[03-Sep-2024 01:15:33 Europe/Berlin] PHP Deprecated:  Creation of dynamic property MysqliDb::$groupBy is deprecated in C:\xampp\htdocs\eapoteka\db.php on line 106
[03-Sep-2024 01:16:01 Europe/Berlin] PHP Deprecated:  Constant FILTER_SANITIZE_STRING is deprecated in C:\xampp\htdocs\eapoteka\db.php on line 123
[03-Sep-2024 01:16:01 Europe/Berlin] PHP Deprecated:  Creation of dynamic property MysqliDb::$groupBy is deprecated in C:\xampp\htdocs\eapoteka\db.php on line 106
[03-Sep-2024 01:16:03 Europe/Berlin] PHP Deprecated:  Constant FILTER_SANITIZE_STRING is deprecated in C:\xampp\htdocs\eapoteka\db.php on line 123
[03-Sep-2024 01:16:03 Europe/Berlin] PHP Deprecated:  Creation of dynamic property MysqliDb::$groupBy is deprecated in C:\xampp\htdocs\eapoteka\db.php on line 106
[03-Sep-2024 01:16:03 Europe/Berlin] PHP Deprecated:  Constant FILTER_SANITIZE_STRING is deprecated in C:\xampp\htdocs\eapoteka\db.php on line 123
[03-Sep-2024 01:16:03 Europe/Berlin] PHP Deprecated:  Creation of dynamic property MysqliDb::$groupBy is deprecated in C:\xampp\htdocs\eapoteka\db.php on line 106
[03-Sep-2024 01:16:10 Europe/Berlin] PHP Deprecated:  Constant FILTER_SANITIZE_STRING is deprecated in C:\xampp\htdocs\eapoteka\db.php on line 123
[03-Sep-2024 01:16:10 Europe/Berlin] PHP Deprecated:  Creation of dynamic property MysqliDb::$groupBy is deprecated in C:\xampp\htdocs\eapoteka\db.php on line 106
[03-Sep-2024 01:16:10 Europe/Berlin] PHP Deprecated:  Constant FILTER_SANITIZE_STRING is deprecated in C:\xampp\htdocs\eapoteka\db.php on line 123
[03-Sep-2024 01:16:10 Europe/Berlin] PHP Deprecated:  Creation of dynamic property MysqliDb::$groupBy is deprecated in C:\xampp\htdocs\eapoteka\db.php on line 106
[03-Sep-2024 01:16:28 Europe/Berlin] PHP Deprecated:  Constant FILTER_SANITIZE_STRING is deprecated in C:\xampp\htdocs\eapoteka\db.php on line 123
[03-Sep-2024 01:16:28 Europe/Berlin] PHP Deprecated:  Creation of dynamic property MysqliDb::$groupBy is deprecated in C:\xampp\htdocs\eapoteka\db.php on line 106
[03-Sep-2024 01:16:32 Europe/Berlin] PHP Deprecated:  Constant FILTER_SANITIZE_STRING is deprecated in C:\xampp\htdocs\eapoteka\db.php on line 123
[03-Sep-2024 01:16:32 Europe/Berlin] PHP Deprecated:  Creation of dynamic property MysqliDb::$groupBy is deprecated in C:\xampp\htdocs\eapoteka\db.php on line 106
[03-Sep-2024 01:16:36 Europe/Berlin] PHP Deprecated:  Constant FILTER_SANITIZE_STRING is deprecated in C:\xampp\htdocs\eapoteka\db.php on line 123
[03-Sep-2024 01:16:36 Europe/Berlin] PHP Deprecated:  Creation of dynamic property MysqliDb::$groupBy is deprecated in C:\xampp\htdocs\eapoteka\db.php on line 106
[03-Sep-2024 01:16:36 Europe/Berlin] PHP Deprecated:  Constant FILTER_SANITIZE_STRING is deprecated in C:\xampp\htdocs\eapoteka\db.php on line 123
[03-Sep-2024 01:16:36 Europe/Berlin] PHP Deprecated:  Creation of dynamic property MysqliDb::$groupBy is deprecated in C:\xampp\htdocs\eapoteka\db.php on line 106
[03-Sep-2024 01:16:47 Europe/Berlin] PHP Deprecated:  Constant FILTER_SANITIZE_STRING is deprecated in C:\xampp\htdocs\eapoteka\db.php on line 123
[03-Sep-2024 01:16:47 Europe/Berlin] PHP Deprecated:  Creation of dynamic property MysqliDb::$groupBy is deprecated in C:\xampp\htdocs\eapoteka\db.php on line 106
[03-Sep-2024 01:16:53 Europe/Berlin] PHP Deprecated:  Constant FILTER_SANITIZE_STRING is deprecated in C:\xampp\htdocs\eapoteka\db.php on line 123
[03-Sep-2024 01:16:53 Europe/Berlin] PHP Deprecated:  Creation of dynamic property MysqliDb::$groupBy is deprecated in C:\xampp\htdocs\eapoteka\db.php on line 106
[03-Sep-2024 01:16:53 Europe/Berlin] PHP Deprecated:  Constant FILTER_SANITIZE_STRING is deprecated in C:\xampp\htdocs\eapoteka\db.php on line 123
[03-Sep-2024 01:16:53 Europe/Berlin] PHP Deprecated:  Creation of dynamic property MysqliDb::$groupBy is deprecated in C:\xampp\htdocs\eapoteka\db.php on line 106
[03-Sep-2024 01:17:34 Europe/Berlin] PHP Deprecated:  Constant FILTER_SANITIZE_STRING is deprecated in C:\xampp\htdocs\eapoteka\db.php on line 123
[03-Sep-2024 01:17:34 Europe/Berlin] PHP Deprecated:  Creation of dynamic property MysqliDb::$groupBy is deprecated in C:\xampp\htdocs\eapoteka\db.php on line 106
[03-Sep-2024 01:18:07 Europe/Berlin] PHP Deprecated:  Constant FILTER_SANITIZE_STRING is deprecated in C:\xampp\htdocs\eapoteka\db.php on line 123
[03-Sep-2024 01:18:07 Europe/Berlin] PHP Deprecated:  Creation of dynamic property MysqliDb::$groupBy is deprecated in C:\xampp\htdocs\eapoteka\db.php on line 106
[03-Sep-2024 01:18:07 Europe/Berlin] PHP Deprecated:  Constant FILTER_SANITIZE_STRING is deprecated in C:\xampp\htdocs\eapoteka\db.php on line 123
[03-Sep-2024 01:18:07 Europe/Berlin] PHP Deprecated:  Creation of dynamic property MysqliDb::$groupBy is deprecated in C:\xampp\htdocs\eapoteka\db.php on line 106
[03-Sep-2024 01:26:36 Europe/Berlin] PHP Deprecated:  Constant FILTER_SANITIZE_STRING is deprecated in C:\xampp\htdocs\eapoteka\db.php on line 123
[03-Sep-2024 01:26:36 Europe/Berlin] PHP Deprecated:  Creation of dynamic property MysqliDb::$groupBy is deprecated in C:\xampp\htdocs\eapoteka\db.php on line 106
[03-Sep-2024 01:26:36 Europe/Berlin] PHP Deprecated:  Constant FILTER_SANITIZE_STRING is deprecated in C:\xampp\htdocs\eapoteka\db.php on line 123
[03-Sep-2024 01:26:36 Europe/Berlin] PHP Deprecated:  Creation of dynamic property MysqliDb::$groupBy is deprecated in C:\xampp\htdocs\eapoteka\db.php on line 106
[03-Sep-2024 01:26:57 Europe/Berlin] PHP Deprecated:  Constant FILTER_SANITIZE_STRING is deprecated in C:\xampp\htdocs\eapoteka\db.php on line 123
[03-Sep-2024 01:26:57 Europe/Berlin] PHP Deprecated:  Creation of dynamic property MysqliDb::$groupBy is deprecated in C:\xampp\htdocs\eapoteka\db.php on line 106
[03-Sep-2024 01:26:59 Europe/Berlin] PHP Deprecated:  Constant FILTER_SANITIZE_STRING is deprecated in C:\xampp\htdocs\eapoteka\db.php on line 123
[03-Sep-2024 01:26:59 Europe/Berlin] PHP Deprecated:  Creation of dynamic property MysqliDb::$groupBy is deprecated in C:\xampp\htdocs\eapoteka\db.php on line 106
[03-Sep-2024 01:27:02 Europe/Berlin] PHP Deprecated:  Constant FILTER_SANITIZE_STRING is deprecated in C:\xampp\htdocs\eapoteka\db.php on line 123
[03-Sep-2024 01:27:02 Europe/Berlin] PHP Deprecated:  Creation of dynamic property MysqliDb::$groupBy is deprecated in C:\xampp\htdocs\eapoteka\db.php on line 106
[03-Sep-2024 01:27:05 Europe/Berlin] PHP Deprecated:  Constant FILTER_SANITIZE_STRING is deprecated in C:\xampp\htdocs\eapoteka\db.php on line 123
[03-Sep-2024 01:27:05 Europe/Berlin] PHP Deprecated:  Creation of dynamic property MysqliDb::$groupBy is deprecated in C:\xampp\htdocs\eapoteka\db.php on line 106
[03-Sep-2024 01:27:05 Europe/Berlin] PHP Deprecated:  Constant FILTER_SANITIZE_STRING is deprecated in C:\xampp\htdocs\eapoteka\db.php on line 123
[03-Sep-2024 01:27:05 Europe/Berlin] PHP Deprecated:  Creation of dynamic property MysqliDb::$groupBy is deprecated in C:\xampp\htdocs\eapoteka\db.php on line 106
[03-Sep-2024 01:27:10 Europe/Berlin] PHP Deprecated:  Constant FILTER_SANITIZE_STRING is deprecated in C:\xampp\htdocs\eapoteka\db.php on line 123
[03-Sep-2024 01:27:10 Europe/Berlin] PHP Deprecated:  Creation of dynamic property MysqliDb::$groupBy is deprecated in C:\xampp\htdocs\eapoteka\db.php on line 106
[03-Sep-2024 01:27:10 Europe/Berlin] PHP Deprecated:  Constant FILTER_SANITIZE_STRING is deprecated in C:\xampp\htdocs\eapoteka\db.php on line 123
[03-Sep-2024 01:27:10 Europe/Berlin] PHP Deprecated:  Creation of dynamic property MysqliDb::$groupBy is deprecated in C:\xampp\htdocs\eapoteka\db.php on line 106
[03-Sep-2024 01:38:43 Europe/Berlin] PHP Deprecated:  Constant FILTER_SANITIZE_STRING is deprecated in C:\xampp\htdocs\eapoteka\db.php on line 123
[03-Sep-2024 01:38:43 Europe/Berlin] PHP Deprecated:  Creation of dynamic property MysqliDb::$groupBy is deprecated in C:\xampp\htdocs\eapoteka\db.php on line 106
[03-Sep-2024 01:38:49 Europe/Berlin] PHP Deprecated:  Constant FILTER_SANITIZE_STRING is deprecated in C:\xampp\htdocs\eapoteka\db.php on line 123
[03-Sep-2024 01:38:49 Europe/Berlin] PHP Deprecated:  Creation of dynamic property MysqliDb::$groupBy is deprecated in C:\xampp\htdocs\eapoteka\db.php on line 106
